// Jest Snapshot v1, https://goo.gl/fbAQLP

exports[`Button renders without crashing 1`] = `
<div
  className="Button"
>
  <h2>
    Button Component
  </h2>
</div>
`;
