// Jest Snapshot v1, https://goo.gl/fbAQLP

exports[`should match snapshot 1`] = `
<section
  className="star-wars Movie"
>
  <div
    className="crawl"
  >
    <p />
  </div>
</section>
`;
