// Jest Snapshot v1, https://goo.gl/fbAQLP

exports[`should match snapshot 1`] = `
<section
  className="cards-container"
>
  <h1>
    Please Select a Category
  </h1>
</section>
`;
