// Jest Snapshot v1, https://goo.gl/fbAQLP

exports[`App renders without crashing 1`] = `
<div
  className="App"
>
  <Header />
  <div
    className="Button--container"
  >
    <Button />
    <Button />
    <Button />
  </div>
  <h1>
    SWAPI BOX
  </h1>
</div>
`;
